src/pages/dashboard/Ansiedad.tsx(3,60): error TS6133: 'BarChart3' is declared but its value is never read.
src/pages/dashboard/Ansiedad.tsx(43,17): error TS2339: Property 'title' does not exist on type 'SurveyData'.
src/pages/dashboard/Depresion.tsx(41,17): error TS2339: Property 'title' does not exist on type 'SurveyData'.
src/pages/dashboard/ViewFiles.tsx(4,1): error TS6133: 'API_CONFIG' is declared but its value is never read.
src/pages/survey/UserSurveys.tsx(3,25): error TS1484: 'SurveyData' is a type and must be imported using a type-only import when 'verbatimModuleSyntax' is enabled.
